------------------------------------------------------------
Timing Analyzer Summary
------------------------------------------------------------

Type  : Slow 1100mV 85C Model Setup 'KEY[0]'
Slack : -6.112
TNS   : -453.581

Type  : Slow 1100mV 85C Model Hold 'KEY[0]'
Slack : 0.466
TNS   : 0.000

Type  : Slow 1100mV 85C Model Minimum Pulse Width 'KEY[0]'
Slack : -0.648
TNS   : -137.187

Type  : Slow 1100mV 0C Model Setup 'KEY[0]'
Slack : -6.219
TNS   : -448.126

Type  : Slow 1100mV 0C Model Hold 'KEY[0]'
Slack : 0.478
TNS   : 0.000

Type  : Slow 1100mV 0C Model Minimum Pulse Width 'KEY[0]'
Slack : -0.564
TNS   : -128.021

Type  : Fast 1100mV 85C Model Setup 'KEY[0]'
Slack : -2.459
TNS   : -153.572

Type  : Fast 1100mV 85C Model Hold 'KEY[0]'
Slack : 0.258
TNS   : 0.000

Type  : Fast 1100mV 85C Model Minimum Pulse Width 'KEY[0]'
Slack : -0.683
TNS   : -119.225

Type  : Fast 1100mV 0C Model Setup 'KEY[0]'
Slack : -2.228
TNS   : -130.305

Type  : Fast 1100mV 0C Model Hold 'KEY[0]'
Slack : 0.244
TNS   : 0.000

Type  : Fast 1100mV 0C Model Minimum Pulse Width 'KEY[0]'
Slack : -0.682
TNS   : -120.375

------------------------------------------------------------
