------------------------------------------------------------
Timing Analyzer Summary
------------------------------------------------------------

Type  : Slow 1100mV 85C Model Setup 'KEY[0]'
Slack : -6.041
TNS   : -463.161

Type  : Slow 1100mV 85C Model Hold 'KEY[0]'
Slack : 0.463
TNS   : 0.000

Type  : Slow 1100mV 85C Model Minimum Pulse Width 'KEY[0]'
Slack : -0.707
TNS   : -145.789

Type  : Slow 1100mV 0C Model Setup 'KEY[0]'
Slack : -6.106
TNS   : -449.168

Type  : Slow 1100mV 0C Model Hold 'KEY[0]'
Slack : 0.475
TNS   : 0.000

Type  : Slow 1100mV 0C Model Minimum Pulse Width 'KEY[0]'
Slack : -0.650
TNS   : -139.286

Type  : Fast 1100mV 85C Model Setup 'KEY[0]'
Slack : -2.334
TNS   : -165.303

Type  : Fast 1100mV 85C Model Hold 'KEY[0]'
Slack : 0.259
TNS   : 0.000

Type  : Fast 1100mV 85C Model Minimum Pulse Width 'KEY[0]'
Slack : -0.741
TNS   : -134.094

Type  : Fast 1100mV 0C Model Setup 'KEY[0]'
Slack : -2.091
TNS   : -139.130

Type  : Fast 1100mV 0C Model Hold 'KEY[0]'
Slack : 0.250
TNS   : 0.000

Type  : Fast 1100mV 0C Model Minimum Pulse Width 'KEY[0]'
Slack : -0.745
TNS   : -136.258

------------------------------------------------------------
