------------------------------------------------------------
Timing Analyzer Summary
------------------------------------------------------------

Type  : Slow 1100mV 85C Model Setup 'CLOCK_50'
Slack : -4.152
TNS   : -128.433

Type  : Slow 1100mV 85C Model Hold 'CLOCK_50'
Slack : 0.261
TNS   : 0.000

Type  : Slow 1100mV 85C Model Minimum Pulse Width 'CLOCK_50'
Slack : -0.538
TNS   : -42.776

Type  : Slow 1100mV 0C Model Setup 'CLOCK_50'
Slack : -4.244
TNS   : -124.693

Type  : Slow 1100mV 0C Model Hold 'CLOCK_50'
Slack : 0.245
TNS   : 0.000

Type  : Slow 1100mV 0C Model Minimum Pulse Width 'CLOCK_50'
Slack : -0.538
TNS   : -38.240

Type  : Fast 1100mV 85C Model Setup 'CLOCK_50'
Slack : -1.383
TNS   : -38.662

Type  : Fast 1100mV 85C Model Hold 'CLOCK_50'
Slack : 0.139
TNS   : 0.000

Type  : Fast 1100mV 85C Model Minimum Pulse Width 'CLOCK_50'
Slack : -0.407
TNS   : -22.437

Type  : Fast 1100mV 0C Model Setup 'CLOCK_50'
Slack : -1.242
TNS   : -31.020

Type  : Fast 1100mV 0C Model Hold 'CLOCK_50'
Slack : 0.126
TNS   : 0.000

Type  : Fast 1100mV 0C Model Minimum Pulse Width 'CLOCK_50'
Slack : -0.445
TNS   : -26.995

------------------------------------------------------------
