Analysis & Synthesis report for Aula7
Sun Sep 26 23:57:19 2021
Quartus Prime Version 20.1.0 Build 711 06/05/2020 SJ Lite Edition


---------------------
; Table of Contents ;
---------------------
  1. Legal Notice
  2. Analysis & Synthesis Summary
  3. Analysis & Synthesis Settings
  4. Parallel Compilation
  5. Multiplexer Restructuring Statistics (Restructuring Performed)
  6. Parameter Settings for User Entity Instance: Top-level Entity: |Aula7
  7. Parameter Settings for User Entity Instance: CPU:CPU
  8. Parameter Settings for User Entity Instance: CPU:CPU|muxGenerico2x1:MUX1
  9. Parameter Settings for User Entity Instance: CPU:CPU|registradorGenerico_PC:PC
 10. Parameter Settings for User Entity Instance: CPU:CPU|somaConstante:SOMADOR
 11. Parameter Settings for User Entity Instance: CPU:CPU|registradorGenerico_PC:REG_END_RET
 12. Parameter Settings for User Entity Instance: CPU:CPU|registradorGenerico:REG1
 13. Parameter Settings for User Entity Instance: CPU:CPU|ULASomaSub:ULA1
 14. Parameter Settings for User Entity Instance: CPU:CPU|FlipFlop:FLAG
 15. Parameter Settings for User Entity Instance: CPU:CPU|muxGenerico2x1_PC:MUX2
 16. Parameter Settings for User Entity Instance: memoriaROM:MEMORIA_INTRUCAO
 17. Parameter Settings for User Entity Instance: memoriaRAM:MEMORIA_DADOS
 18. Parameter Settings for User Entity Instance: registradorGenerico:REG_LEDR0a7
 19. Parameter Settings for User Entity Instance: FlipFlop:FF_LEDR8
 20. Parameter Settings for User Entity Instance: FlipFlop:FF_LEDR9
 21. Parameter Settings for User Entity Instance: registradorGenerico_4b:REG_HEX0
 22. Parameter Settings for User Entity Instance: registradorGenerico_4b:REG_HEX1
 23. Parameter Settings for User Entity Instance: registradorGenerico_4b:REG_HEX2
 24. Parameter Settings for User Entity Instance: registradorGenerico_4b:REG_HEX3
 25. Parameter Settings for User Entity Instance: registradorGenerico_4b:REG_HEX4
 26. Parameter Settings for User Entity Instance: registradorGenerico_4b:REG_HEX5
 27. Parameter Settings for User Entity Instance: buffertri:FPGA_R
 28. Parameter Settings for User Entity Instance: buffertri:KEY_3
 29. Parameter Settings for User Entity Instance: buffertri:KEY_2
 30. Parameter Settings for User Entity Instance: buffertri:KEY_1
 31. Parameter Settings for User Entity Instance: buffertri:KEY_0
 32. Parameter Settings for User Entity Instance: buffertri:SW_9
 33. Parameter Settings for User Entity Instance: buffertri:SW_8
 34. Parameter Settings for User Entity Instance: buffertri:SW_7
 35. Parameter Settings for User Entity Instance: buffertri:SW_6
 36. Parameter Settings for User Entity Instance: buffertri:SW_5
 37. Parameter Settings for User Entity Instance: buffertri:SW_4
 38. Parameter Settings for User Entity Instance: buffertri:SW_3
 39. Parameter Settings for User Entity Instance: buffertri:SW_2
 40. Parameter Settings for User Entity Instance: buffertri:SW_1
 41. Parameter Settings for User Entity Instance: buffertri:SW_0
 42. Port Connectivity Checks: "buffertri:SW_0"
 43. Port Connectivity Checks: "buffertri:SW_1"
 44. Port Connectivity Checks: "buffertri:SW_2"
 45. Port Connectivity Checks: "buffertri:SW_3"
 46. Port Connectivity Checks: "buffertri:SW_4"
 47. Port Connectivity Checks: "buffertri:SW_5"
 48. Port Connectivity Checks: "buffertri:SW_6"
 49. Port Connectivity Checks: "buffertri:SW_7"
 50. Port Connectivity Checks: "buffertri:SW_8"
 51. Port Connectivity Checks: "buffertri:SW_9"
 52. Port Connectivity Checks: "buffertri:KEY_0"
 53. Port Connectivity Checks: "buffertri:KEY_1"
 54. Port Connectivity Checks: "buffertri:KEY_2"
 55. Port Connectivity Checks: "buffertri:KEY_3"
 56. Port Connectivity Checks: "buffertri:FPGA_R"
 57. Port Connectivity Checks: "DecodBinario_7Seg:DECOD_HEX5"
 58. Port Connectivity Checks: "registradorGenerico_4b:REG_HEX5"
 59. Port Connectivity Checks: "DecodBinario_7Seg:DECOD_HEX4"
 60. Port Connectivity Checks: "registradorGenerico_4b:REG_HEX4"
 61. Port Connectivity Checks: "DecodBinario_7Seg:DECOD_HEX3"
 62. Port Connectivity Checks: "registradorGenerico_4b:REG_HEX3"
 63. Port Connectivity Checks: "DecodBinario_7Seg:DECOD_HEX2"
 64. Port Connectivity Checks: "registradorGenerico_4b:REG_HEX2"
 65. Port Connectivity Checks: "DecodBinario_7Seg:DECOD_HEX1"
 66. Port Connectivity Checks: "registradorGenerico_4b:REG_HEX1"
 67. Port Connectivity Checks: "DecodBinario_7Seg:DECOD_HEX0"
 68. Port Connectivity Checks: "registradorGenerico_4b:REG_HEX0"
 69. Port Connectivity Checks: "FlipFlop:FF_LEDR9"
 70. Port Connectivity Checks: "FlipFlop:FF_LEDR8"
 71. Port Connectivity Checks: "registradorGenerico:REG_LEDR0a7"
 72. Port Connectivity Checks: "Decod3x8:DECODIFICADOR_3X8_0a2"
 73. Port Connectivity Checks: "Decod3x8:DECODIFICADOR_3X8_6a8"
 74. Port Connectivity Checks: "CPU:CPU|muxGenerico2x1_PC:MUX2"
 75. Port Connectivity Checks: "CPU:CPU|FlipFlop:FLAG"
 76. Port Connectivity Checks: "CPU:CPU|registradorGenerico:REG1"
 77. Port Connectivity Checks: "CPU:CPU|registradorGenerico_PC:REG_END_RET"
 78. Port Connectivity Checks: "CPU:CPU|registradorGenerico_PC:PC"
 79. Port Connectivity Checks: "CPU:CPU"
 80. Elapsed Time Per Partition
 81. Analysis & Synthesis Messages



----------------
; Legal Notice ;
----------------
Copyright (C) 2020  Intel Corporation. All rights reserved.
Your use of Intel Corporation's design tools, logic functions 
and other software and tools, and any partner logic 
functions, and any output files from any of the foregoing 
(including device programming or simulation files), and any 
associated documentation or information are expressly subject 
to the terms and conditions of the Intel Program License 
Subscription Agreement, the Intel Quartus Prime License Agreement,
the Intel FPGA IP License Agreement, or other applicable license
agreement, including, without limitation, that your use is for
the sole purpose of programming logic devices manufactured by
Intel and sold by Intel or its authorized distributors.  Please
refer to the applicable agreement for further details, at
https://fpgasoftware.intel.com/eula.



+---------------------------------------------------------------------------+
; Analysis & Synthesis Summary                                              ;
+-----------------------------+---------------------------------------------+
; Analysis & Synthesis Status ; Failed - Sun Sep 26 23:57:19 2021           ;
; Quartus Prime Version       ; 20.1.0 Build 711 06/05/2020 SJ Lite Edition ;
; Revision Name               ; Aula7                                       ;
; Top-level Entity Name       ; Aula7                                       ;
; Family                      ; Cyclone V                                   ;
; Logic utilization (in ALMs) ; N/A until Partition Merge                   ;
; Total registers             ; N/A until Partition Merge                   ;
; Total pins                  ; N/A until Partition Merge                   ;
; Total virtual pins          ; N/A until Partition Merge                   ;
; Total block memory bits     ; N/A until Partition Merge                   ;
; Total PLLs                  ; N/A until Partition Merge                   ;
; Total DLLs                  ; N/A until Partition Merge                   ;
+-----------------------------+---------------------------------------------+


+---------------------------------------------------------------------------------------------------------------------------+
; Analysis & Synthesis Settings                                                                                             ;
+---------------------------------------------------------------------------------+--------------------+--------------------+
; Option                                                                          ; Setting            ; Default Value      ;
+---------------------------------------------------------------------------------+--------------------+--------------------+
; Device                                                                          ; 5CEBA4F23C7        ;                    ;
; Top-level entity name                                                           ; Aula7              ; Aula7              ;
; Family name                                                                     ; Cyclone V          ; Cyclone V          ;
; Maximum processors allowed for parallel compilation                             ; All                ;                    ;
; VHDL Show LMF Mapping Messages                                                  ; Off                ;                    ;
; VHDL Version                                                                    ; VHDL_2008          ; VHDL_1993          ;
; Use smart compilation                                                           ; Off                ; Off                ;
; Enable parallel Assembler and Timing Analyzer during compilation                ; On                 ; On                 ;
; Enable compact report table                                                     ; Off                ; Off                ;
; Restructure Multiplexers                                                        ; Auto               ; Auto               ;
; MLAB Add Timing Constraints For Mixed-Port Feed-Through Mode Setting Don't Care ; Off                ; Off                ;
; Create Debugging Nodes for IP Cores                                             ; Off                ; Off                ;
; Preserve fewer node names                                                       ; On                 ; On                 ;
; Intel FPGA IP Evaluation Mode                                                   ; Enable             ; Enable             ;
; Verilog Version                                                                 ; Verilog_2001       ; Verilog_2001       ;
; State Machine Processing                                                        ; Auto               ; Auto               ;
; Safe State Machine                                                              ; Off                ; Off                ;
; Extract Verilog State Machines                                                  ; On                 ; On                 ;
; Extract VHDL State Machines                                                     ; On                 ; On                 ;
; Ignore Verilog initial constructs                                               ; Off                ; Off                ;
; Iteration limit for constant Verilog loops                                      ; 5000               ; 5000               ;
; Iteration limit for non-constant Verilog loops                                  ; 250                ; 250                ;
; Add Pass-Through Logic to Inferred RAMs                                         ; On                 ; On                 ;
; Infer RAMs from Raw Logic                                                       ; On                 ; On                 ;
; Parallel Synthesis                                                              ; On                 ; On                 ;
; DSP Block Balancing                                                             ; Auto               ; Auto               ;
; NOT Gate Push-Back                                                              ; On                 ; On                 ;
; Power-Up Don't Care                                                             ; On                 ; On                 ;
; Remove Redundant Logic Cells                                                    ; Off                ; Off                ;
; Remove Duplicate Registers                                                      ; On                 ; On                 ;
; Ignore CARRY Buffers                                                            ; Off                ; Off                ;
; Ignore CASCADE Buffers                                                          ; Off                ; Off                ;
; Ignore GLOBAL Buffers                                                           ; Off                ; Off                ;
; Ignore ROW GLOBAL Buffers                                                       ; Off                ; Off                ;
; Ignore LCELL Buffers                                                            ; Off                ; Off                ;
; Ignore SOFT Buffers                                                             ; On                 ; On                 ;
; Limit AHDL Integers to 32 Bits                                                  ; Off                ; Off                ;
; Optimization Technique                                                          ; Balanced           ; Balanced           ;
; Carry Chain Length                                                              ; 70                 ; 70                 ;
; Auto Carry Chains                                                               ; On                 ; On                 ;
; Auto Open-Drain Pins                                                            ; On                 ; On                 ;
; Perform WYSIWYG Primitive Resynthesis                                           ; Off                ; Off                ;
; Auto ROM Replacement                                                            ; On                 ; On                 ;
; Auto RAM Replacement                                                            ; On                 ; On                 ;
; Auto DSP Block Replacement                                                      ; On                 ; On                 ;
; Auto Shift Register Replacement                                                 ; Auto               ; Auto               ;
; Allow Shift Register Merging across Hierarchies                                 ; Auto               ; Auto               ;
; Auto Clock Enable Replacement                                                   ; On                 ; On                 ;
; Strict RAM Replacement                                                          ; Off                ; Off                ;
; Allow Synchronous Control Signals                                               ; On                 ; On                 ;
; Force Use of Synchronous Clear Signals                                          ; Off                ; Off                ;
; Auto Resource Sharing                                                           ; Off                ; Off                ;
; Allow Any RAM Size For Recognition                                              ; Off                ; Off                ;
; Allow Any ROM Size For Recognition                                              ; Off                ; Off                ;
; Allow Any Shift Register Size For Recognition                                   ; Off                ; Off                ;
; Use LogicLock Constraints during Resource Balancing                             ; On                 ; On                 ;
; Ignore translate_off and synthesis_off directives                               ; Off                ; Off                ;
; Timing-Driven Synthesis                                                         ; On                 ; On                 ;
; Report Parameter Settings                                                       ; On                 ; On                 ;
; Report Source Assignments                                                       ; On                 ; On                 ;
; Report Connectivity Checks                                                      ; On                 ; On                 ;
; Ignore Maximum Fan-Out Assignments                                              ; Off                ; Off                ;
; Synchronization Register Chain Length                                           ; 3                  ; 3                  ;
; Power Optimization During Synthesis                                             ; Normal compilation ; Normal compilation ;
; HDL message level                                                               ; Level2             ; Level2             ;
; Suppress Register Optimization Related Messages                                 ; Off                ; Off                ;
; Number of Removed Registers Reported in Synthesis Report                        ; 5000               ; 5000               ;
; Number of Swept Nodes Reported in Synthesis Report                              ; 5000               ; 5000               ;
; Number of Inverted Registers Reported in Synthesis Report                       ; 100                ; 100                ;
; Clock MUX Protection                                                            ; On                 ; On                 ;
; Auto Gated Clock Conversion                                                     ; Off                ; Off                ;
; Block Design Naming                                                             ; Auto               ; Auto               ;
; SDC constraint protection                                                       ; Off                ; Off                ;
; Synthesis Effort                                                                ; Auto               ; Auto               ;
; Shift Register Replacement - Allow Asynchronous Clear Signal                    ; On                 ; On                 ;
; Pre-Mapping Resynthesis Optimization                                            ; Off                ; Off                ;
; Analysis & Synthesis Message Level                                              ; Medium             ; Medium             ;
; Disable Register Merging Across Hierarchies                                     ; Auto               ; Auto               ;
; Resource Aware Inference For Block RAM                                          ; On                 ; On                 ;
; Automatic Parallel Synthesis                                                    ; On                 ; On                 ;
; Partial Reconfiguration Bitstream ID                                            ; Off                ; Off                ;
+---------------------------------------------------------------------------------+--------------------+--------------------+


+------------------------------------------+
; Parallel Compilation                     ;
+----------------------------+-------------+
; Processors                 ; Number      ;
+----------------------------+-------------+
; Number detected on machine ; 8           ;
; Maximum allowed            ; 4           ;
;                            ;             ;
; Average used               ; 1.00        ;
; Maximum used               ; 1           ;
;                            ;             ;
; Usage by Processor         ; % Time Used ;
;     Processor 1            ; 100.0%      ;
+----------------------------+-------------+


+---------------------------------------------------------------------------------------------------------------------------------------------------------------+
; Multiplexer Restructuring Statistics (Restructuring Performed)                                                                                                ;
+--------------------+-----------+---------------+----------------------+------------------------+------------+-------------------------------------------------+
; Multiplexer Inputs ; Bus Width ; Baseline Area ; Area if Restructured ; Saving if Restructured ; Registered ; Example Multiplexer Output                      ;
+--------------------+-----------+---------------+----------------------+------------------------+------------+-------------------------------------------------+
; 3:1                ; 8 bits    ; 16 LEs        ; 16 LEs               ; 0 LEs                  ; Yes        ; |Aula7|CPU:CPU|registradorGenerico:REG1|DOUT[0] ;
+--------------------+-----------+---------------+----------------------+------------------------+------------+-------------------------------------------------+


+-----------------------------------------------------------------------+
; Parameter Settings for User Entity Instance: Top-level Entity: |Aula7 ;
+--------------------+-------+------------------------------------------+
; Parameter Name     ; Value ; Type                                     ;
+--------------------+-------+------------------------------------------+
; larguraDados       ; 8     ; Signed Integer                           ;
; larguraEnderecoRAM ; 8     ; Signed Integer                           ;
; larguraInstrucao   ; 13    ; Signed Integer                           ;
; larguraEnderecoROM ; 8     ; Signed Integer                           ;
; larguraDados_PC    ; 9     ; Signed Integer                           ;
; simulacao          ; true  ; Enumerated                               ;
+--------------------+-------+------------------------------------------+
Note: In order to hide this table in the UI and the text report file, please set the "Show Parameter Settings in Synthesis Report" option in "Analysis and Synthesis Settings -> More Settings" to "Off".


+------------------------------------------------------+
; Parameter Settings for User Entity Instance: CPU:CPU ;
+--------------------+-------+-------------------------+
; Parameter Name     ; Value ; Type                    ;
+--------------------+-------+-------------------------+
; larguradados       ; 8     ; Signed Integer          ;
; larguraenderecoram ; 8     ; Signed Integer          ;
; largurainstrucao   ; 13    ; Signed Integer          ;
; larguraenderecorom ; 8     ; Signed Integer          ;
; larguradados_pc    ; 9     ; Signed Integer          ;
; simulacao          ; true  ; Enumerated              ;
+--------------------+-------+-------------------------+
Note: In order to hide this table in the UI and the text report file, please set the "Show Parameter Settings in Synthesis Report" option in "Analysis and Synthesis Settings -> More Settings" to "Off".


+--------------------------------------------------------------------------+
; Parameter Settings for User Entity Instance: CPU:CPU|muxGenerico2x1:MUX1 ;
+----------------+-------+-------------------------------------------------+
; Parameter Name ; Value ; Type                                            ;
+----------------+-------+-------------------------------------------------+
; larguradados   ; 8     ; Signed Integer                                  ;
+----------------+-------+-------------------------------------------------+
Note: In order to hide this table in the UI and the text report file, please set the "Show Parameter Settings in Synthesis Report" option in "Analysis and Synthesis Settings -> More Settings" to "Off".


+--------------------------------------------------------------------------------+
; Parameter Settings for User Entity Instance: CPU:CPU|registradorGenerico_PC:PC ;
+----------------+-------+-------------------------------------------------------+
; Parameter Name ; Value ; Type                                                  ;
+----------------+-------+-------------------------------------------------------+
; larguradados   ; 9     ; Signed Integer                                        ;
+----------------+-------+-------------------------------------------------------+
Note: In order to hide this table in the UI and the text report file, please set the "Show Parameter Settings in Synthesis Report" option in "Analysis and Synthesis Settings -> More Settings" to "Off".


+----------------------------------------------------------------------------+
; Parameter Settings for User Entity Instance: CPU:CPU|somaConstante:SOMADOR ;
+----------------+-------+---------------------------------------------------+
; Parameter Name ; Value ; Type                                              ;
+----------------+-------+---------------------------------------------------+
; larguradados   ; 9     ; Signed Integer                                    ;
; constante      ; 1     ; Signed Integer                                    ;
+----------------+-------+---------------------------------------------------+
Note: In order to hide this table in the UI and the text report file, please set the "Show Parameter Settings in Synthesis Report" option in "Analysis and Synthesis Settings -> More Settings" to "Off".


+-----------------------------------------------------------------------------------------+
; Parameter Settings for User Entity Instance: CPU:CPU|registradorGenerico_PC:REG_END_RET ;
+----------------+-------+----------------------------------------------------------------+
; Parameter Name ; Value ; Type                                                           ;
+----------------+-------+----------------------------------------------------------------+
; larguradados   ; 9     ; Signed Integer                                                 ;
+----------------+-------+----------------------------------------------------------------+
Note: In order to hide this table in the UI and the text report file, please set the "Show Parameter Settings in Synthesis Report" option in "Analysis and Synthesis Settings -> More Settings" to "Off".


+-------------------------------------------------------------------------------+
; Parameter Settings for User Entity Instance: CPU:CPU|registradorGenerico:REG1 ;
+----------------+-------+------------------------------------------------------+
; Parameter Name ; Value ; Type                                                 ;
+----------------+-------+------------------------------------------------------+
; larguradados   ; 8     ; Signed Integer                                       ;
+----------------+-------+------------------------------------------------------+
Note: In order to hide this table in the UI and the text report file, please set the "Show Parameter Settings in Synthesis Report" option in "Analysis and Synthesis Settings -> More Settings" to "Off".


+----------------------------------------------------------------------+
; Parameter Settings for User Entity Instance: CPU:CPU|ULASomaSub:ULA1 ;
+----------------+-------+---------------------------------------------+
; Parameter Name ; Value ; Type                                        ;
+----------------+-------+---------------------------------------------+
; larguradados   ; 8     ; Signed Integer                              ;
+----------------+-------+---------------------------------------------+
Note: In order to hide this table in the UI and the text report file, please set the "Show Parameter Settings in Synthesis Report" option in "Analysis and Synthesis Settings -> More Settings" to "Off".


+--------------------------------------------------------------------+
; Parameter Settings for User Entity Instance: CPU:CPU|FlipFlop:FLAG ;
+----------------+-------+-------------------------------------------+
; Parameter Name ; Value ; Type                                      ;
+----------------+-------+-------------------------------------------+
; larguradados   ; 8     ; Signed Integer                            ;
+----------------+-------+-------------------------------------------+
Note: In order to hide this table in the UI and the text report file, please set the "Show Parameter Settings in Synthesis Report" option in "Analysis and Synthesis Settings -> More Settings" to "Off".


+-----------------------------------------------------------------------------+
; Parameter Settings for User Entity Instance: CPU:CPU|muxGenerico2x1_PC:MUX2 ;
+----------------+-------+----------------------------------------------------+
; Parameter Name ; Value ; Type                                               ;
+----------------+-------+----------------------------------------------------+
; larguradados   ; 9     ; Signed Integer                                     ;
+----------------+-------+----------------------------------------------------+
Note: In order to hide this table in the UI and the text report file, please set the "Show Parameter Settings in Synthesis Report" option in "Analysis and Synthesis Settings -> More Settings" to "Off".


+--------------------------------------------------------------------------+
; Parameter Settings for User Entity Instance: memoriaROM:MEMORIA_INTRUCAO ;
+----------------+-------+-------------------------------------------------+
; Parameter Name ; Value ; Type                                            ;
+----------------+-------+-------------------------------------------------+
; datawidth      ; 13    ; Signed Integer                                  ;
; addrwidth      ; 8     ; Signed Integer                                  ;
+----------------+-------+-------------------------------------------------+
Note: In order to hide this table in the UI and the text report file, please set the "Show Parameter Settings in Synthesis Report" option in "Analysis and Synthesis Settings -> More Settings" to "Off".


+-----------------------------------------------------------------------+
; Parameter Settings for User Entity Instance: memoriaRAM:MEMORIA_DADOS ;
+----------------+-------+----------------------------------------------+
; Parameter Name ; Value ; Type                                         ;
+----------------+-------+----------------------------------------------+
; datawidth      ; 8     ; Signed Integer                               ;
; addrwidth      ; 6     ; Signed Integer                               ;
+----------------+-------+----------------------------------------------+
Note: In order to hide this table in the UI and the text report file, please set the "Show Parameter Settings in Synthesis Report" option in "Analysis and Synthesis Settings -> More Settings" to "Off".


+------------------------------------------------------------------------------+
; Parameter Settings for User Entity Instance: registradorGenerico:REG_LEDR0a7 ;
+----------------+-------+-----------------------------------------------------+
; Parameter Name ; Value ; Type                                                ;
+----------------+-------+-----------------------------------------------------+
; larguradados   ; 8     ; Signed Integer                                      ;
+----------------+-------+-----------------------------------------------------+
Note: In order to hide this table in the UI and the text report file, please set the "Show Parameter Settings in Synthesis Report" option in "Analysis and Synthesis Settings -> More Settings" to "Off".


+----------------------------------------------------------------+
; Parameter Settings for User Entity Instance: FlipFlop:FF_LEDR8 ;
+----------------+-------+---------------------------------------+
; Parameter Name ; Value ; Type                                  ;
+----------------+-------+---------------------------------------+
; larguradados   ; 8     ; Signed Integer                        ;
+----------------+-------+---------------------------------------+
Note: In order to hide this table in the UI and the text report file, please set the "Show Parameter Settings in Synthesis Report" option in "Analysis and Synthesis Settings -> More Settings" to "Off".


+----------------------------------------------------------------+
; Parameter Settings for User Entity Instance: FlipFlop:FF_LEDR9 ;
+----------------+-------+---------------------------------------+
; Parameter Name ; Value ; Type                                  ;
+----------------+-------+---------------------------------------+
; larguradados   ; 8     ; Signed Integer                        ;
+----------------+-------+---------------------------------------+
Note: In order to hide this table in the UI and the text report file, please set the "Show Parameter Settings in Synthesis Report" option in "Analysis and Synthesis Settings -> More Settings" to "Off".


+------------------------------------------------------------------------------+
; Parameter Settings for User Entity Instance: registradorGenerico_4b:REG_HEX0 ;
+----------------+-------+-----------------------------------------------------+
; Parameter Name ; Value ; Type                                                ;
+----------------+-------+-----------------------------------------------------+
; larguradados   ; 4     ; Signed Integer                                      ;
+----------------+-------+-----------------------------------------------------+
Note: In order to hide this table in the UI and the text report file, please set the "Show Parameter Settings in Synthesis Report" option in "Analysis and Synthesis Settings -> More Settings" to "Off".


+------------------------------------------------------------------------------+
; Parameter Settings for User Entity Instance: registradorGenerico_4b:REG_HEX1 ;
+----------------+-------+-----------------------------------------------------+
; Parameter Name ; Value ; Type                                                ;
+----------------+-------+-----------------------------------------------------+
; larguradados   ; 4     ; Signed Integer                                      ;
+----------------+-------+-----------------------------------------------------+
Note: In order to hide this table in the UI and the text report file, please set the "Show Parameter Settings in Synthesis Report" option in "Analysis and Synthesis Settings -> More Settings" to "Off".


+------------------------------------------------------------------------------+
; Parameter Settings for User Entity Instance: registradorGenerico_4b:REG_HEX2 ;
+----------------+-------+-----------------------------------------------------+
; Parameter Name ; Value ; Type                                                ;
+----------------+-------+-----------------------------------------------------+
; larguradados   ; 4     ; Signed Integer                                      ;
+----------------+-------+-----------------------------------------------------+
Note: In order to hide this table in the UI and the text report file, please set the "Show Parameter Settings in Synthesis Report" option in "Analysis and Synthesis Settings -> More Settings" to "Off".


+------------------------------------------------------------------------------+
; Parameter Settings for User Entity Instance: registradorGenerico_4b:REG_HEX3 ;
+----------------+-------+-----------------------------------------------------+
; Parameter Name ; Value ; Type                                                ;
+----------------+-------+-----------------------------------------------------+
; larguradados   ; 4     ; Signed Integer                                      ;
+----------------+-------+-----------------------------------------------------+
Note: In order to hide this table in the UI and the text report file, please set the "Show Parameter Settings in Synthesis Report" option in "Analysis and Synthesis Settings -> More Settings" to "Off".


+------------------------------------------------------------------------------+
; Parameter Settings for User Entity Instance: registradorGenerico_4b:REG_HEX4 ;
+----------------+-------+-----------------------------------------------------+
; Parameter Name ; Value ; Type                                                ;
+----------------+-------+-----------------------------------------------------+
; larguradados   ; 4     ; Signed Integer                                      ;
+----------------+-------+-----------------------------------------------------+
Note: In order to hide this table in the UI and the text report file, please set the "Show Parameter Settings in Synthesis Report" option in "Analysis and Synthesis Settings -> More Settings" to "Off".


+------------------------------------------------------------------------------+
; Parameter Settings for User Entity Instance: registradorGenerico_4b:REG_HEX5 ;
+----------------+-------+-----------------------------------------------------+
; Parameter Name ; Value ; Type                                                ;
+----------------+-------+-----------------------------------------------------+
; larguradados   ; 4     ; Signed Integer                                      ;
+----------------+-------+-----------------------------------------------------+
Note: In order to hide this table in the UI and the text report file, please set the "Show Parameter Settings in Synthesis Report" option in "Analysis and Synthesis Settings -> More Settings" to "Off".


+---------------------------------------------------------------+
; Parameter Settings for User Entity Instance: buffertri:FPGA_R ;
+----------------+-------+--------------------------------------+
; Parameter Name ; Value ; Type                                 ;
+----------------+-------+--------------------------------------+
; larguradados   ; 8     ; Signed Integer                       ;
+----------------+-------+--------------------------------------+
Note: In order to hide this table in the UI and the text report file, please set the "Show Parameter Settings in Synthesis Report" option in "Analysis and Synthesis Settings -> More Settings" to "Off".


+--------------------------------------------------------------+
; Parameter Settings for User Entity Instance: buffertri:KEY_3 ;
+----------------+-------+-------------------------------------+
; Parameter Name ; Value ; Type                                ;
+----------------+-------+-------------------------------------+
; larguradados   ; 8     ; Signed Integer                      ;
+----------------+-------+-------------------------------------+
Note: In order to hide this table in the UI and the text report file, please set the "Show Parameter Settings in Synthesis Report" option in "Analysis and Synthesis Settings -> More Settings" to "Off".


+--------------------------------------------------------------+
; Parameter Settings for User Entity Instance: buffertri:KEY_2 ;
+----------------+-------+-------------------------------------+
; Parameter Name ; Value ; Type                                ;
+----------------+-------+-------------------------------------+
; larguradados   ; 8     ; Signed Integer                      ;
+----------------+-------+-------------------------------------+
Note: In order to hide this table in the UI and the text report file, please set the "Show Parameter Settings in Synthesis Report" option in "Analysis and Synthesis Settings -> More Settings" to "Off".


+--------------------------------------------------------------+
; Parameter Settings for User Entity Instance: buffertri:KEY_1 ;
+----------------+-------+-------------------------------------+
; Parameter Name ; Value ; Type                                ;
+----------------+-------+-------------------------------------+
; larguradados   ; 8     ; Signed Integer                      ;
+----------------+-------+-------------------------------------+
Note: In order to hide this table in the UI and the text report file, please set the "Show Parameter Settings in Synthesis Report" option in "Analysis and Synthesis Settings -> More Settings" to "Off".


+--------------------------------------------------------------+
; Parameter Settings for User Entity Instance: buffertri:KEY_0 ;
+----------------+-------+-------------------------------------+
; Parameter Name ; Value ; Type                                ;
+----------------+-------+-------------------------------------+
; larguradados   ; 8     ; Signed Integer                      ;
+----------------+-------+-------------------------------------+
Note: In order to hide this table in the UI and the text report file, please set the "Show Parameter Settings in Synthesis Report" option in "Analysis and Synthesis Settings -> More Settings" to "Off".


+-------------------------------------------------------------+
; Parameter Settings for User Entity Instance: buffertri:SW_9 ;
+----------------+-------+------------------------------------+
; Parameter Name ; Value ; Type                               ;
+----------------+-------+------------------------------------+
; larguradados   ; 8     ; Signed Integer                     ;
+----------------+-------+------------------------------------+
Note: In order to hide this table in the UI and the text report file, please set the "Show Parameter Settings in Synthesis Report" option in "Analysis and Synthesis Settings -> More Settings" to "Off".


+-------------------------------------------------------------+
; Parameter Settings for User Entity Instance: buffertri:SW_8 ;
+----------------+-------+------------------------------------+
; Parameter Name ; Value ; Type                               ;
+----------------+-------+------------------------------------+
; larguradados   ; 8     ; Signed Integer                     ;
+----------------+-------+------------------------------------+
Note: In order to hide this table in the UI and the text report file, please set the "Show Parameter Settings in Synthesis Report" option in "Analysis and Synthesis Settings -> More Settings" to "Off".


+-------------------------------------------------------------+
; Parameter Settings for User Entity Instance: buffertri:SW_7 ;
+----------------+-------+------------------------------------+
; Parameter Name ; Value ; Type                               ;
+----------------+-------+------------------------------------+
; larguradados   ; 8     ; Signed Integer                     ;
+----------------+-------+------------------------------------+
Note: In order to hide this table in the UI and the text report file, please set the "Show Parameter Settings in Synthesis Report" option in "Analysis and Synthesis Settings -> More Settings" to "Off".


+-------------------------------------------------------------+
; Parameter Settings for User Entity Instance: buffertri:SW_6 ;
+----------------+-------+------------------------------------+
; Parameter Name ; Value ; Type                               ;
+----------------+-------+------------------------------------+
; larguradados   ; 8     ; Signed Integer                     ;
+----------------+-------+------------------------------------+
Note: In order to hide this table in the UI and the text report file, please set the "Show Parameter Settings in Synthesis Report" option in "Analysis and Synthesis Settings -> More Settings" to "Off".


+-------------------------------------------------------------+
; Parameter Settings for User Entity Instance: buffertri:SW_5 ;
+----------------+-------+------------------------------------+
; Parameter Name ; Value ; Type                               ;
+----------------+-------+------------------------------------+
; larguradados   ; 8     ; Signed Integer                     ;
+----------------+-------+------------------------------------+
Note: In order to hide this table in the UI and the text report file, please set the "Show Parameter Settings in Synthesis Report" option in "Analysis and Synthesis Settings -> More Settings" to "Off".


+-------------------------------------------------------------+
; Parameter Settings for User Entity Instance: buffertri:SW_4 ;
+----------------+-------+------------------------------------+
; Parameter Name ; Value ; Type                               ;
+----------------+-------+------------------------------------+
; larguradados   ; 8     ; Signed Integer                     ;
+----------------+-------+------------------------------------+
Note: In order to hide this table in the UI and the text report file, please set the "Show Parameter Settings in Synthesis Report" option in "Analysis and Synthesis Settings -> More Settings" to "Off".


+-------------------------------------------------------------+
; Parameter Settings for User Entity Instance: buffertri:SW_3 ;
+----------------+-------+------------------------------------+
; Parameter Name ; Value ; Type                               ;
+----------------+-------+------------------------------------+
; larguradados   ; 8     ; Signed Integer                     ;
+----------------+-------+------------------------------------+
Note: In order to hide this table in the UI and the text report file, please set the "Show Parameter Settings in Synthesis Report" option in "Analysis and Synthesis Settings -> More Settings" to "Off".


+-------------------------------------------------------------+
; Parameter Settings for User Entity Instance: buffertri:SW_2 ;
+----------------+-------+------------------------------------+
; Parameter Name ; Value ; Type                               ;
+----------------+-------+------------------------------------+
; larguradados   ; 8     ; Signed Integer                     ;
+----------------+-------+------------------------------------+
Note: In order to hide this table in the UI and the text report file, please set the "Show Parameter Settings in Synthesis Report" option in "Analysis and Synthesis Settings -> More Settings" to "Off".


+-------------------------------------------------------------+
; Parameter Settings for User Entity Instance: buffertri:SW_1 ;
+----------------+-------+------------------------------------+
; Parameter Name ; Value ; Type                               ;
+----------------+-------+------------------------------------+
; larguradados   ; 8     ; Signed Integer                     ;
+----------------+-------+------------------------------------+
Note: In order to hide this table in the UI and the text report file, please set the "Show Parameter Settings in Synthesis Report" option in "Analysis and Synthesis Settings -> More Settings" to "Off".


+-------------------------------------------------------------+
; Parameter Settings for User Entity Instance: buffertri:SW_0 ;
+----------------+-------+------------------------------------+
; Parameter Name ; Value ; Type                               ;
+----------------+-------+------------------------------------+
; larguradados   ; 8     ; Signed Integer                     ;
+----------------+-------+------------------------------------+
Note: In order to hide this table in the UI and the text report file, please set the "Show Parameter Settings in Synthesis Report" option in "Analysis and Synthesis Settings -> More Settings" to "Off".


+--------------------------------------------+
; Port Connectivity Checks: "buffertri:SW_0" ;
+------+-------+----------+------------------+
; Port ; Type  ; Severity ; Details          ;
+------+-------+----------+------------------+
; rst  ; Input ; Info     ; Stuck at GND     ;
+------+-------+----------+------------------+


+--------------------------------------------+
; Port Connectivity Checks: "buffertri:SW_1" ;
+------+-------+----------+------------------+
; Port ; Type  ; Severity ; Details          ;
+------+-------+----------+------------------+
; rst  ; Input ; Info     ; Stuck at GND     ;
+------+-------+----------+------------------+


+--------------------------------------------+
; Port Connectivity Checks: "buffertri:SW_2" ;
+------+-------+----------+------------------+
; Port ; Type  ; Severity ; Details          ;
+------+-------+----------+------------------+
; rst  ; Input ; Info     ; Stuck at GND     ;
+------+-------+----------+------------------+


+--------------------------------------------+
; Port Connectivity Checks: "buffertri:SW_3" ;
+------+-------+----------+------------------+
; Port ; Type  ; Severity ; Details          ;
+------+-------+----------+------------------+
; rst  ; Input ; Info     ; Stuck at GND     ;
+------+-------+----------+------------------+


+--------------------------------------------+
; Port Connectivity Checks: "buffertri:SW_4" ;
+------+-------+----------+------------------+
; Port ; Type  ; Severity ; Details          ;
+------+-------+----------+------------------+
; rst  ; Input ; Info     ; Stuck at GND     ;
+------+-------+----------+------------------+


+--------------------------------------------+
; Port Connectivity Checks: "buffertri:SW_5" ;
+------+-------+----------+------------------+
; Port ; Type  ; Severity ; Details          ;
+------+-------+----------+------------------+
; rst  ; Input ; Info     ; Stuck at GND     ;
+------+-------+----------+------------------+


+--------------------------------------------+
; Port Connectivity Checks: "buffertri:SW_6" ;
+------+-------+----------+------------------+
; Port ; Type  ; Severity ; Details          ;
+------+-------+----------+------------------+
; rst  ; Input ; Info     ; Stuck at GND     ;
+------+-------+----------+------------------+


+--------------------------------------------+
; Port Connectivity Checks: "buffertri:SW_7" ;
+------+-------+----------+------------------+
; Port ; Type  ; Severity ; Details          ;
+------+-------+----------+------------------+
; rst  ; Input ; Info     ; Stuck at GND     ;
+------+-------+----------+------------------+


+--------------------------------------------+
; Port Connectivity Checks: "buffertri:SW_8" ;
+------+-------+----------+------------------+
; Port ; Type  ; Severity ; Details          ;
+------+-------+----------+------------------+
; rst  ; Input ; Info     ; Stuck at GND     ;
+------+-------+----------+------------------+


+--------------------------------------------+
; Port Connectivity Checks: "buffertri:SW_9" ;
+------+-------+----------+------------------+
; Port ; Type  ; Severity ; Details          ;
+------+-------+----------+------------------+
; rst  ; Input ; Info     ; Stuck at GND     ;
+------+-------+----------+------------------+


+---------------------------------------------+
; Port Connectivity Checks: "buffertri:KEY_0" ;
+------+-------+----------+-------------------+
; Port ; Type  ; Severity ; Details           ;
+------+-------+----------+-------------------+
; rst  ; Input ; Info     ; Stuck at GND      ;
+------+-------+----------+-------------------+


+---------------------------------------------+
; Port Connectivity Checks: "buffertri:KEY_1" ;
+------+-------+----------+-------------------+
; Port ; Type  ; Severity ; Details           ;
+------+-------+----------+-------------------+
; rst  ; Input ; Info     ; Stuck at GND      ;
+------+-------+----------+-------------------+


+---------------------------------------------+
; Port Connectivity Checks: "buffertri:KEY_2" ;
+------+-------+----------+-------------------+
; Port ; Type  ; Severity ; Details           ;
+------+-------+----------+-------------------+
; rst  ; Input ; Info     ; Stuck at GND      ;
+------+-------+----------+-------------------+


+---------------------------------------------+
; Port Connectivity Checks: "buffertri:KEY_3" ;
+------+-------+----------+-------------------+
; Port ; Type  ; Severity ; Details           ;
+------+-------+----------+-------------------+
; rst  ; Input ; Info     ; Stuck at GND      ;
+------+-------+----------+-------------------+


+----------------------------------------------+
; Port Connectivity Checks: "buffertri:FPGA_R" ;
+------+-------+----------+--------------------+
; Port ; Type  ; Severity ; Details            ;
+------+-------+----------+--------------------+
; rst  ; Input ; Info     ; Stuck at GND       ;
+------+-------+----------+--------------------+


+----------------------------------------------------------+
; Port Connectivity Checks: "DecodBinario_7Seg:DECOD_HEX5" ;
+----------+-------+----------+----------------------------+
; Port     ; Type  ; Severity ; Details                    ;
+----------+-------+----------+----------------------------+
; apaga    ; Input ; Info     ; Stuck at GND               ;
; negativo ; Input ; Info     ; Stuck at GND               ;
; overflow ; Input ; Info     ; Stuck at GND               ;
+----------+-------+----------+----------------------------+


+-------------------------------------------------------------+
; Port Connectivity Checks: "registradorGenerico_4b:REG_HEX5" ;
+------+-------+----------+-----------------------------------+
; Port ; Type  ; Severity ; Details                           ;
+------+-------+----------+-----------------------------------+
; rst  ; Input ; Info     ; Stuck at GND                      ;
+------+-------+----------+-----------------------------------+


+----------------------------------------------------------+
; Port Connectivity Checks: "DecodBinario_7Seg:DECOD_HEX4" ;
+----------+-------+----------+----------------------------+
; Port     ; Type  ; Severity ; Details                    ;
+----------+-------+----------+----------------------------+
; apaga    ; Input ; Info     ; Stuck at GND               ;
; negativo ; Input ; Info     ; Stuck at GND               ;
; overflow ; Input ; Info     ; Stuck at GND               ;
+----------+-------+----------+----------------------------+


+-------------------------------------------------------------+
; Port Connectivity Checks: "registradorGenerico_4b:REG_HEX4" ;
+------+-------+----------+-----------------------------------+
; Port ; Type  ; Severity ; Details                           ;
+------+-------+----------+-----------------------------------+
; rst  ; Input ; Info     ; Stuck at GND                      ;
+------+-------+----------+-----------------------------------+


+----------------------------------------------------------+
; Port Connectivity Checks: "DecodBinario_7Seg:DECOD_HEX3" ;
+----------+-------+----------+----------------------------+
; Port     ; Type  ; Severity ; Details                    ;
+----------+-------+----------+----------------------------+
; apaga    ; Input ; Info     ; Stuck at GND               ;
; negativo ; Input ; Info     ; Stuck at GND               ;
; overflow ; Input ; Info     ; Stuck at GND               ;
+----------+-------+----------+----------------------------+


+-------------------------------------------------------------+
; Port Connectivity Checks: "registradorGenerico_4b:REG_HEX3" ;
+------+-------+----------+-----------------------------------+
; Port ; Type  ; Severity ; Details                           ;
+------+-------+----------+-----------------------------------+
; rst  ; Input ; Info     ; Stuck at GND                      ;
+------+-------+----------+-----------------------------------+


+----------------------------------------------------------+
; Port Connectivity Checks: "DecodBinario_7Seg:DECOD_HEX2" ;
+----------+-------+----------+----------------------------+
; Port     ; Type  ; Severity ; Details                    ;
+----------+-------+----------+----------------------------+
; apaga    ; Input ; Info     ; Stuck at GND               ;
; negativo ; Input ; Info     ; Stuck at GND               ;
; overflow ; Input ; Info     ; Stuck at GND               ;
+----------+-------+----------+----------------------------+


+-------------------------------------------------------------+
; Port Connectivity Checks: "registradorGenerico_4b:REG_HEX2" ;
+------+-------+----------+-----------------------------------+
; Port ; Type  ; Severity ; Details                           ;
+------+-------+----------+-----------------------------------+
; rst  ; Input ; Info     ; Stuck at GND                      ;
+------+-------+----------+-----------------------------------+


+----------------------------------------------------------+
; Port Connectivity Checks: "DecodBinario_7Seg:DECOD_HEX1" ;
+----------+-------+----------+----------------------------+
; Port     ; Type  ; Severity ; Details                    ;
+----------+-------+----------+----------------------------+
; apaga    ; Input ; Info     ; Stuck at GND               ;
; negativo ; Input ; Info     ; Stuck at GND               ;
; overflow ; Input ; Info     ; Stuck at GND               ;
+----------+-------+----------+----------------------------+


+-------------------------------------------------------------+
; Port Connectivity Checks: "registradorGenerico_4b:REG_HEX1" ;
+------+-------+----------+-----------------------------------+
; Port ; Type  ; Severity ; Details                           ;
+------+-------+----------+-----------------------------------+
; rst  ; Input ; Info     ; Stuck at GND                      ;
+------+-------+----------+-----------------------------------+


+----------------------------------------------------------+
; Port Connectivity Checks: "DecodBinario_7Seg:DECOD_HEX0" ;
+----------+-------+----------+----------------------------+
; Port     ; Type  ; Severity ; Details                    ;
+----------+-------+----------+----------------------------+
; apaga    ; Input ; Info     ; Stuck at GND               ;
; negativo ; Input ; Info     ; Stuck at GND               ;
; overflow ; Input ; Info     ; Stuck at GND               ;
+----------+-------+----------+----------------------------+


+-------------------------------------------------------------+
; Port Connectivity Checks: "registradorGenerico_4b:REG_HEX0" ;
+------+-------+----------+-----------------------------------+
; Port ; Type  ; Severity ; Details                           ;
+------+-------+----------+-----------------------------------+
; rst  ; Input ; Info     ; Stuck at GND                      ;
+------+-------+----------+-----------------------------------+


+-----------------------------------------------+
; Port Connectivity Checks: "FlipFlop:FF_LEDR9" ;
+------+-------+----------+---------------------+
; Port ; Type  ; Severity ; Details             ;
+------+-------+----------+---------------------+
; rst  ; Input ; Info     ; Stuck at GND        ;
+------+-------+----------+---------------------+


+-----------------------------------------------+
; Port Connectivity Checks: "FlipFlop:FF_LEDR8" ;
+------+-------+----------+---------------------+
; Port ; Type  ; Severity ; Details             ;
+------+-------+----------+---------------------+
; rst  ; Input ; Info     ; Stuck at GND        ;
+------+-------+----------+---------------------+


+-------------------------------------------------------------+
; Port Connectivity Checks: "registradorGenerico:REG_LEDR0a7" ;
+------+-------+----------+-----------------------------------+
; Port ; Type  ; Severity ; Details                           ;
+------+-------+----------+-----------------------------------+
; rst  ; Input ; Info     ; Stuck at GND                      ;
+------+-------+----------+-----------------------------------+


+----------------------------------------------------------------------------------------------------------------+
; Port Connectivity Checks: "Decod3x8:DECODIFICADOR_3X8_0a2"                                                     ;
+------+--------+----------+-------------------------------------------------------------------------------------+
; Port ; Type   ; Severity ; Details                                                                             ;
+------+--------+----------+-------------------------------------------------------------------------------------+
; s6   ; Output ; Info     ; Connected to dangling logic. Logic that only feeds a dangling port will be removed. ;
; s7   ; Output ; Info     ; Connected to dangling logic. Logic that only feeds a dangling port will be removed. ;
+------+--------+----------+-------------------------------------------------------------------------------------+


+----------------------------------------------------------------------------------------------------------------+
; Port Connectivity Checks: "Decod3x8:DECODIFICADOR_3X8_6a8"                                                     ;
+------+--------+----------+-------------------------------------------------------------------------------------+
; Port ; Type   ; Severity ; Details                                                                             ;
+------+--------+----------+-------------------------------------------------------------------------------------+
; s1   ; Output ; Info     ; Connected to dangling logic. Logic that only feeds a dangling port will be removed. ;
; s2   ; Output ; Info     ; Connected to dangling logic. Logic that only feeds a dangling port will be removed. ;
; s3   ; Output ; Info     ; Connected to dangling logic. Logic that only feeds a dangling port will be removed. ;
; s6   ; Output ; Info     ; Connected to dangling logic. Logic that only feeds a dangling port will be removed. ;
; s7   ; Output ; Info     ; Connected to dangling logic. Logic that only feeds a dangling port will be removed. ;
+------+--------+----------+-------------------------------------------------------------------------------------+


+------------------------------------------------------------+
; Port Connectivity Checks: "CPU:CPU|muxGenerico2x1_PC:MUX2" ;
+--------------+-------+----------+--------------------------+
; Port         ; Type  ; Severity ; Details                  ;
+--------------+-------+----------+--------------------------+
; entradad_mux ; Input ; Info     ; Stuck at GND             ;
+--------------+-------+----------+--------------------------+


+---------------------------------------------------+
; Port Connectivity Checks: "CPU:CPU|FlipFlop:FLAG" ;
+------+-------+----------+-------------------------+
; Port ; Type  ; Severity ; Details                 ;
+------+-------+----------+-------------------------+
; rst  ; Input ; Info     ; Stuck at GND            ;
+------+-------+----------+-------------------------+


+--------------------------------------------------------------+
; Port Connectivity Checks: "CPU:CPU|registradorGenerico:REG1" ;
+------+-------+----------+------------------------------------+
; Port ; Type  ; Severity ; Details                            ;
+------+-------+----------+------------------------------------+
; rst  ; Input ; Info     ; Stuck at GND                       ;
+------+-------+----------+------------------------------------+


+------------------------------------------------------------------------+
; Port Connectivity Checks: "CPU:CPU|registradorGenerico_PC:REG_END_RET" ;
+------+-------+----------+----------------------------------------------+
; Port ; Type  ; Severity ; Details                                      ;
+------+-------+----------+----------------------------------------------+
; rst  ; Input ; Info     ; Stuck at GND                                 ;
+------+-------+----------+----------------------------------------------+


+---------------------------------------------------------------+
; Port Connectivity Checks: "CPU:CPU|registradorGenerico_PC:PC" ;
+--------+-------+----------+-----------------------------------+
; Port   ; Type  ; Severity ; Details                           ;
+--------+-------+----------+-----------------------------------+
; enable ; Input ; Info     ; Stuck at VCC                      ;
; rst    ; Input ; Info     ; Stuck at GND                      ;
+--------+-------+----------+-----------------------------------+


+-----------------------------------------+
; Port Connectivity Checks: "CPU:CPU"     ;
+-------+-------+----------+--------------+
; Port  ; Type  ; Severity ; Details      ;
+-------+-------+----------+--------------+
; reset ; Input ; Info     ; Stuck at GND ;
+-------+-------+----------+--------------+


+-------------------------------+
; Elapsed Time Per Partition    ;
+----------------+--------------+
; Partition Name ; Elapsed Time ;
+----------------+--------------+
; Top            ; 00:00:00     ;
+----------------+--------------+


+-------------------------------+
; Analysis & Synthesis Messages ;
+-------------------------------+
Info: *******************************************************************
Info: Running Quartus Prime Analysis & Synthesis
    Info: Version 20.1.0 Build 711 06/05/2020 SJ Lite Edition
    Info: Processing started: Sun Sep 26 23:57:07 2021
Info: Command: quartus_map --read_settings_files=on --write_settings_files=off Aula7 -c Aula7
Info (20030): Parallel compilation is enabled and will use 4 of the 4 processors detected
Info (12021): Found 2 design units, including 1 entities, in source file aula7.vhd
    Info (12022): Found design unit 1: Aula7-arquitetura File: C:/DesComp/DesignComp-Projeto1/Aula7/Aula7.vhd Line: 36
    Info (12023): Found entity 1: Aula7 File: C:/DesComp/DesignComp-Projeto1/Aula7/Aula7.vhd Line: 4
Info (12021): Found 3 design units, including 1 entities, in source file edgedetector.vhd
    Info (12022): Found design unit 1: edgeDetector-bordaSubida File: C:/DesComp/DesignComp-Projeto1/Aula7/edgeDetector.vhd Line: 10
    Info (12022): Found design unit 2: edgeDetector-bordaDescida File: C:/DesComp/DesignComp-Projeto1/Aula7/edgeDetector.vhd Line: 23
    Info (12023): Found entity 1: edgeDetector File: C:/DesComp/DesignComp-Projeto1/Aula7/edgeDetector.vhd Line: 4
Info (12021): Found 2 design units, including 1 entities, in source file flipflop.vhd
    Info (12022): Found design unit 1: FlipFlop-comportamento File: C:/DesComp/DesignComp-Projeto1/Aula7/FlipFlop.vhd Line: 16
    Info (12023): Found entity 1: FlipFlop File: C:/DesComp/DesignComp-Projeto1/Aula7/FlipFlop.vhd Line: 4
Info (12021): Found 2 design units, including 1 entities, in source file decodinstrucao.vhd
    Info (12022): Found design unit 1: DecodInstrucao-arch File: C:/DesComp/DesignComp-Projeto1/Aula7/DecodInstrucao.vhd Line: 10
    Info (12023): Found entity 1: DecodInstrucao File: C:/DesComp/DesignComp-Projeto1/Aula7/DecodInstrucao.vhd Line: 4
Info (12021): Found 2 design units, including 1 entities, in source file logicadesvio.vhd
    Info (12022): Found design unit 1: LogicaDesvio-arch File: C:/DesComp/DesignComp-Projeto1/Aula7/LogicaDesvio.vhd Line: 15
    Info (12023): Found entity 1: LogicaDesvio File: C:/DesComp/DesignComp-Projeto1/Aula7/LogicaDesvio.vhd Line: 4
Info (12021): Found 2 design units, including 1 entities, in source file memoriaram.vhd
    Info (12022): Found design unit 1: memoriaRAM-rtl File: C:/DesComp/DesignComp-Projeto1/Aula7/memoriaRAM.vhd Line: 21
    Info (12023): Found entity 1: memoriaRAM File: C:/DesComp/DesignComp-Projeto1/Aula7/memoriaRAM.vhd Line: 5
Info (12021): Found 2 design units, including 1 entities, in source file memoriarom.vhd
    Info (12022): Found design unit 1: memoriaROM-assincrona File: C:/DesComp/DesignComp-Projeto1/Aula7/memoriaROM.vhd Line: 16
    Info (12023): Found entity 1: memoriaROM File: C:/DesComp/DesignComp-Projeto1/Aula7/memoriaROM.vhd Line: 5
Info (12021): Found 2 design units, including 1 entities, in source file muxgenerico2x1.vhd
    Info (12022): Found design unit 1: muxGenerico2x1-comportamento File: C:/DesComp/DesignComp-Projeto1/Aula7/muxGenerico2x1.vhd Line: 14
    Info (12023): Found entity 1: muxGenerico2x1 File: C:/DesComp/DesignComp-Projeto1/Aula7/muxGenerico2x1.vhd Line: 4
Info (12021): Found 2 design units, including 1 entities, in source file muxgenerico2x1_pc.vhd
    Info (12022): Found design unit 1: muxGenerico2x1_PC-comportamento File: C:/DesComp/DesignComp-Projeto1/Aula7/muxGenerico2x1_PC.vhd Line: 14
    Info (12023): Found entity 1: muxGenerico2x1_PC File: C:/DesComp/DesignComp-Projeto1/Aula7/muxGenerico2x1_PC.vhd Line: 4
Info (12021): Found 2 design units, including 1 entities, in source file registradorgenerico.vhd
    Info (12022): Found design unit 1: registradorGenerico-comportamento File: C:/DesComp/DesignComp-Projeto1/Aula7/registradorGenerico.vhd Line: 16
    Info (12023): Found entity 1: registradorGenerico File: C:/DesComp/DesignComp-Projeto1/Aula7/registradorGenerico.vhd Line: 4
Info (12021): Found 2 design units, including 1 entities, in source file registradorgenerico_pc.vhd
    Info (12022): Found design unit 1: registradorGenerico_PC-comportamento File: C:/DesComp/DesignComp-Projeto1/Aula7/registradorGenerico_PC.vhd Line: 16
    Info (12023): Found entity 1: registradorGenerico_PC File: C:/DesComp/DesignComp-Projeto1/Aula7/registradorGenerico_PC.vhd Line: 4
Info (12021): Found 2 design units, including 1 entities, in source file somaconstante.vhd
    Info (12022): Found design unit 1: somaConstante-comportamento File: C:/DesComp/DesignComp-Projeto1/Aula7/somaConstante.vhd Line: 18
    Info (12023): Found entity 1: somaConstante File: C:/DesComp/DesignComp-Projeto1/Aula7/somaConstante.vhd Line: 5
Info (12021): Found 2 design units, including 1 entities, in source file ulasomasub.vhd
    Info (12022): Found design unit 1: ULASomaSub-comportamento File: C:/DesComp/DesignComp-Projeto1/Aula7/ULASomaSub.vhd Line: 17
    Info (12023): Found entity 1: ULASomaSub File: C:/DesComp/DesignComp-Projeto1/Aula7/ULASomaSub.vhd Line: 7
Info (12021): Found 2 design units, including 1 entities, in source file decod3x8vhd.vhd
    Info (12022): Found design unit 1: Decod3x8-arch File: C:/DesComp/DesignComp-Projeto1/Aula7/Decod3x8vhd.vhd Line: 18
    Info (12023): Found entity 1: Decod3x8 File: C:/DesComp/DesignComp-Projeto1/Aula7/Decod3x8vhd.vhd Line: 4
Info (12021): Found 2 design units, including 1 entities, in source file cpu.vhd
    Info (12022): Found design unit 1: CPU-arquitetura File: C:/DesComp/DesignComp-Projeto1/Aula7/CPU.vhd Line: 27
    Info (12023): Found entity 1: CPU File: C:/DesComp/DesignComp-Projeto1/Aula7/CPU.vhd Line: 4
Info (12021): Found 2 design units, including 1 entities, in source file decodbinario_7seg.vhd
    Info (12022): Found design unit 1: DecodBinario_7Seg-comportamento File: C:/DesComp/DesignComp-Projeto1/Aula7/DecodBinario_7seg.vhd Line: 17
    Info (12023): Found entity 1: DecodBinario_7Seg File: C:/DesComp/DesignComp-Projeto1/Aula7/DecodBinario_7seg.vhd Line: 4
Info (12021): Found 2 design units, including 1 entities, in source file registradorgenerico_4b.vhd
    Info (12022): Found design unit 1: registradorGenerico_4b-comportamento File: C:/DesComp/DesignComp-Projeto1/Aula7/registradorGenerico_4b.vhd Line: 16
    Info (12023): Found entity 1: registradorGenerico_4b File: C:/DesComp/DesignComp-Projeto1/Aula7/registradorGenerico_4b.vhd Line: 4
Info (12021): Found 2 design units, including 1 entities, in source file buffertri.vhd
    Info (12022): Found design unit 1: buffertri-comportament File: C:/DesComp/DesignComp-Projeto1/Aula7/buffertri.vhd Line: 16
    Info (12023): Found entity 1: buffertri File: C:/DesComp/DesignComp-Projeto1/Aula7/buffertri.vhd Line: 4
Info (12127): Elaborating entity "Aula7" for the top level hierarchy
Info (12128): Elaborating entity "CPU" for hierarchy "CPU:CPU" File: C:/DesComp/DesignComp-Projeto1/Aula7/Aula7.vhd Line: 118
Info (12128): Elaborating entity "muxGenerico2x1" for hierarchy "CPU:CPU|muxGenerico2x1:MUX1" File: C:/DesComp/DesignComp-Projeto1/Aula7/CPU.vhd Line: 72
Info (12128): Elaborating entity "DecodInstrucao" for hierarchy "CPU:CPU|DecodInstrucao:DECODIFICADOR_INSTRUCAO" File: C:/DesComp/DesignComp-Projeto1/Aula7/CPU.vhd Line: 78
Info (12128): Elaborating entity "registradorGenerico_PC" for hierarchy "CPU:CPU|registradorGenerico_PC:PC" File: C:/DesComp/DesignComp-Projeto1/Aula7/CPU.vhd Line: 83
Info (12128): Elaborating entity "somaConstante" for hierarchy "CPU:CPU|somaConstante:SOMADOR" File: C:/DesComp/DesignComp-Projeto1/Aula7/CPU.vhd Line: 86
Info (12128): Elaborating entity "registradorGenerico" for hierarchy "CPU:CPU|registradorGenerico:REG1" File: C:/DesComp/DesignComp-Projeto1/Aula7/CPU.vhd Line: 93
Info (12128): Elaborating entity "ULASomaSub" for hierarchy "CPU:CPU|ULASomaSub:ULA1" File: C:/DesComp/DesignComp-Projeto1/Aula7/CPU.vhd Line: 98
Info (12128): Elaborating entity "FlipFlop" for hierarchy "CPU:CPU|FlipFlop:FLAG" File: C:/DesComp/DesignComp-Projeto1/Aula7/CPU.vhd Line: 109
Info (12128): Elaborating entity "LogicaDesvio" for hierarchy "CPU:CPU|LogicaDesvio:LOGICA_DE_DESVIO" File: C:/DesComp/DesignComp-Projeto1/Aula7/CPU.vhd Line: 113
Info (12128): Elaborating entity "muxGenerico2x1_PC" for hierarchy "CPU:CPU|muxGenerico2x1_PC:MUX2" File: C:/DesComp/DesignComp-Projeto1/Aula7/CPU.vhd Line: 118
Info (12128): Elaborating entity "memoriaROM" for hierarchy "memoriaROM:MEMORIA_INTRUCAO" File: C:/DesComp/DesignComp-Projeto1/Aula7/Aula7.vhd Line: 131
Info (12128): Elaborating entity "memoriaRAM" for hierarchy "memoriaRAM:MEMORIA_DADOS" File: C:/DesComp/DesignComp-Projeto1/Aula7/Aula7.vhd Line: 134
Info (12128): Elaborating entity "Decod3x8" for hierarchy "Decod3x8:DECODIFICADOR_3X8_6a8" File: C:/DesComp/DesignComp-Projeto1/Aula7/Aula7.vhd Line: 137
Info (12128): Elaborating entity "registradorGenerico_4b" for hierarchy "registradorGenerico_4b:REG_HEX0" File: C:/DesComp/DesignComp-Projeto1/Aula7/Aula7.vhd Line: 197
Info (12128): Elaborating entity "DecodBinario_7Seg" for hierarchy "DecodBinario_7Seg:DECOD_HEX0" File: C:/DesComp/DesignComp-Projeto1/Aula7/Aula7.vhd Line: 206
Info (12128): Elaborating entity "buffertri" for hierarchy "buffertri:FPGA_R" File: C:/DesComp/DesignComp-Projeto1/Aula7/Aula7.vhd Line: 304
Info (276014): Found 1 instances of uninferred RAM logic
    Info (276007): RAM logic "memoriaRAM:MEMORIA_DADOS|ram" is uninferred due to asynchronous read logic File: C:/DesComp/DesignComp-Projeto1/Aula7/memoriaRAM.vhd Line: 27
Warning (13032): The following tri-state nodes are fed by constants
    Warning (13033): The node "CPU:CPU|muxGenerico2x1:MUX1|saida_MUX[0]" is fed by GND File: C:/DesComp/DesignComp-Projeto1/Aula7/muxGenerico2x1.vhd Line: 10
    Warning (13033): The node "CPU:CPU|muxGenerico2x1:MUX1|saida_MUX[0]" is fed by GND File: C:/DesComp/DesignComp-Projeto1/Aula7/muxGenerico2x1.vhd Line: 10
    Warning (13033): The node "CPU:CPU|muxGenerico2x1:MUX1|saida_MUX[1]" is fed by GND File: C:/DesComp/DesignComp-Projeto1/Aula7/muxGenerico2x1.vhd Line: 10
    Warning (13033): The node "CPU:CPU|muxGenerico2x1:MUX1|saida_MUX[1]" is fed by GND File: C:/DesComp/DesignComp-Projeto1/Aula7/muxGenerico2x1.vhd Line: 10
    Warning (13033): The node "CPU:CPU|muxGenerico2x1:MUX1|saida_MUX[2]" is fed by GND File: C:/DesComp/DesignComp-Projeto1/Aula7/muxGenerico2x1.vhd Line: 10
    Warning (13033): The node "CPU:CPU|muxGenerico2x1:MUX1|saida_MUX[2]" is fed by GND File: C:/DesComp/DesignComp-Projeto1/Aula7/muxGenerico2x1.vhd Line: 10
    Warning (13033): The node "CPU:CPU|muxGenerico2x1:MUX1|saida_MUX[3]" is fed by GND File: C:/DesComp/DesignComp-Projeto1/Aula7/muxGenerico2x1.vhd Line: 10
    Warning (13033): The node "CPU:CPU|muxGenerico2x1:MUX1|saida_MUX[3]" is fed by GND File: C:/DesComp/DesignComp-Projeto1/Aula7/muxGenerico2x1.vhd Line: 10
    Warning (13033): The node "CPU:CPU|muxGenerico2x1:MUX1|saida_MUX[4]" is fed by GND File: C:/DesComp/DesignComp-Projeto1/Aula7/muxGenerico2x1.vhd Line: 10
    Warning (13033): The node "CPU:CPU|muxGenerico2x1:MUX1|saida_MUX[4]" is fed by GND File: C:/DesComp/DesignComp-Projeto1/Aula7/muxGenerico2x1.vhd Line: 10
    Warning (13033): The node "CPU:CPU|muxGenerico2x1:MUX1|saida_MUX[5]" is fed by GND File: C:/DesComp/DesignComp-Projeto1/Aula7/muxGenerico2x1.vhd Line: 10
    Warning (13033): The node "CPU:CPU|muxGenerico2x1:MUX1|saida_MUX[5]" is fed by GND File: C:/DesComp/DesignComp-Projeto1/Aula7/muxGenerico2x1.vhd Line: 10
    Warning (13033): The node "CPU:CPU|muxGenerico2x1:MUX1|saida_MUX[6]" is fed by GND File: C:/DesComp/DesignComp-Projeto1/Aula7/muxGenerico2x1.vhd Line: 10
    Warning (13033): The node "CPU:CPU|muxGenerico2x1:MUX1|saida_MUX[6]" is fed by GND File: C:/DesComp/DesignComp-Projeto1/Aula7/muxGenerico2x1.vhd Line: 10
    Warning (13033): The node "CPU:CPU|muxGenerico2x1:MUX1|saida_MUX[7]" is fed by GND File: C:/DesComp/DesignComp-Projeto1/Aula7/muxGenerico2x1.vhd Line: 10
Error (13076): The node "CPU:CPU|muxGenerico2x1:MUX1|saida_MUX[0]" has multiple drivers due to the always-enabled I/O buffer "Saida_Dados[0]" File: C:/DesComp/DesignComp-Projeto1/Aula7/muxGenerico2x1.vhd Line: 10
Error (13076): The node "CPU:CPU|muxGenerico2x1:MUX1|saida_MUX[1]" has multiple drivers due to the always-enabled I/O buffer "Saida_Dados[1]" File: C:/DesComp/DesignComp-Projeto1/Aula7/muxGenerico2x1.vhd Line: 10
Error (13076): The node "CPU:CPU|muxGenerico2x1:MUX1|saida_MUX[2]" has multiple drivers due to the always-enabled I/O buffer "Saida_Dados[2]" File: C:/DesComp/DesignComp-Projeto1/Aula7/muxGenerico2x1.vhd Line: 10
Error (13076): The node "CPU:CPU|muxGenerico2x1:MUX1|saida_MUX[3]" has multiple drivers due to the always-enabled I/O buffer "Saida_Dados[3]" File: C:/DesComp/DesignComp-Projeto1/Aula7/muxGenerico2x1.vhd Line: 10
Error (13076): The node "CPU:CPU|muxGenerico2x1:MUX1|saida_MUX[4]" has multiple drivers due to the always-enabled I/O buffer "Saida_Dados[4]" File: C:/DesComp/DesignComp-Projeto1/Aula7/muxGenerico2x1.vhd Line: 10
Error (13076): The node "CPU:CPU|muxGenerico2x1:MUX1|saida_MUX[5]" has multiple drivers due to the always-enabled I/O buffer "Saida_Dados[5]" File: C:/DesComp/DesignComp-Projeto1/Aula7/muxGenerico2x1.vhd Line: 10
Error (13076): The node "CPU:CPU|muxGenerico2x1:MUX1|saida_MUX[6]" has multiple drivers due to the always-enabled I/O buffer "Saida_Dados[6]" File: C:/DesComp/DesignComp-Projeto1/Aula7/muxGenerico2x1.vhd Line: 10
Error (13076): The node "CPU:CPU|muxGenerico2x1:MUX1|saida_MUX[7]" has multiple drivers due to the always-enabled I/O buffer "Saida_Dados[7]" File: C:/DesComp/DesignComp-Projeto1/Aula7/muxGenerico2x1.vhd Line: 10
Error: Quartus Prime Analysis & Synthesis was unsuccessful. 8 errors, 16 warnings
    Error: Peak virtual memory: 4840 megabytes
    Error: Processing ended: Sun Sep 26 23:57:19 2021
    Error: Elapsed time: 00:00:12
    Error: Total CPU time (on all processors): 00:00:24


