------------------------------------------------------------
Timing Analyzer Summary
------------------------------------------------------------

Type  : Slow 1100mV 85C Model Setup 'CLOCK_50'
Slack : -9.007
TNS   : -3895.958

Type  : Slow 1100mV 85C Model Hold 'CLOCK_50'
Slack : 0.442
TNS   : 0.000

Type  : Slow 1100mV 85C Model Recovery 'divisorGenerico:baseTempo|tick'
Slack : -6.301
TNS   : -6.301

Type  : Slow 1100mV 85C Model Recovery 'KEY[1]'
Slack : -4.214
TNS   : -4.214

Type  : Slow 1100mV 85C Model Recovery 'KEY[2]'
Slack : -4.182
TNS   : -4.182

Type  : Slow 1100mV 85C Model Removal 'KEY[1]'
Slack : 1.601
TNS   : 0.000

Type  : Slow 1100mV 85C Model Removal 'KEY[2]'
Slack : 1.685
TNS   : 0.000

Type  : Slow 1100mV 85C Model Removal 'divisorGenerico:baseTempo|tick'
Slack : 4.197
TNS   : 0.000

Type  : Slow 1100mV 85C Model Minimum Pulse Width 'CLOCK_50'
Slack : -0.564
TNS   : -566.182

Type  : Slow 1100mV 85C Model Minimum Pulse Width 'divisorGenerico:baseTempo|tick'
Slack : -0.538
TNS   : -0.919

Type  : Slow 1100mV 85C Model Minimum Pulse Width 'KEY[1]'
Slack : -0.538
TNS   : -0.847

Type  : Slow 1100mV 85C Model Minimum Pulse Width 'KEY[2]'
Slack : -0.538
TNS   : -0.816

Type  : Slow 1100mV 0C Model Setup 'CLOCK_50'
Slack : -8.940
TNS   : -3825.882

Type  : Slow 1100mV 0C Model Hold 'CLOCK_50'
Slack : 0.447
TNS   : 0.000

Type  : Slow 1100mV 0C Model Recovery 'divisorGenerico:baseTempo|tick'
Slack : -6.434
TNS   : -6.434

Type  : Slow 1100mV 0C Model Recovery 'KEY[1]'
Slack : -4.392
TNS   : -4.392

Type  : Slow 1100mV 0C Model Recovery 'KEY[2]'
Slack : -4.333
TNS   : -4.333

Type  : Slow 1100mV 0C Model Removal 'KEY[1]'
Slack : 1.640
TNS   : 0.000

Type  : Slow 1100mV 0C Model Removal 'KEY[2]'
Slack : 1.694
TNS   : 0.000

Type  : Slow 1100mV 0C Model Removal 'divisorGenerico:baseTempo|tick'
Slack : 4.215
TNS   : 0.000

Type  : Slow 1100mV 0C Model Minimum Pulse Width 'CLOCK_50'
Slack : -0.598
TNS   : -500.897

Type  : Slow 1100mV 0C Model Minimum Pulse Width 'divisorGenerico:baseTempo|tick'
Slack : -0.538
TNS   : -0.895

Type  : Slow 1100mV 0C Model Minimum Pulse Width 'KEY[1]'
Slack : -0.538
TNS   : -0.845

Type  : Slow 1100mV 0C Model Minimum Pulse Width 'KEY[2]'
Slack : -0.538
TNS   : -0.808

Type  : Fast 1100mV 85C Model Setup 'CLOCK_50'
Slack : -4.309
TNS   : -1759.693

Type  : Fast 1100mV 85C Model Hold 'CLOCK_50'
Slack : 0.005
TNS   : 0.000

Type  : Fast 1100mV 85C Model Recovery 'divisorGenerico:baseTempo|tick'
Slack : -2.824
TNS   : -2.824

Type  : Fast 1100mV 85C Model Recovery 'KEY[1]'
Slack : -1.645
TNS   : -1.645

Type  : Fast 1100mV 85C Model Recovery 'KEY[2]'
Slack : -1.621
TNS   : -1.621

Type  : Fast 1100mV 85C Model Removal 'KEY[1]'
Slack : 0.321
TNS   : 0.000

Type  : Fast 1100mV 85C Model Removal 'KEY[2]'
Slack : 0.407
TNS   : 0.000

Type  : Fast 1100mV 85C Model Removal 'divisorGenerico:baseTempo|tick'
Slack : 1.749
TNS   : 0.000

Type  : Fast 1100mV 85C Model Minimum Pulse Width 'CLOCK_50'
Slack : -0.666
TNS   : -291.769

Type  : Fast 1100mV 85C Model Minimum Pulse Width 'KEY[2]'
Slack : -0.447
TNS   : -1.249

Type  : Fast 1100mV 85C Model Minimum Pulse Width 'KEY[1]'
Slack : -0.408
TNS   : -1.239

Type  : Fast 1100mV 85C Model Minimum Pulse Width 'divisorGenerico:baseTempo|tick'
Slack : -0.052
TNS   : -0.052

Type  : Fast 1100mV 0C Model Setup 'CLOCK_50'
Slack : -3.863
TNS   : -1537.781

Type  : Fast 1100mV 0C Model Hold 'CLOCK_50'
Slack : -0.123
TNS   : -0.123

Type  : Fast 1100mV 0C Model Recovery 'divisorGenerico:baseTempo|tick'
Slack : -2.611
TNS   : -2.611

Type  : Fast 1100mV 0C Model Recovery 'KEY[1]'
Slack : -1.421
TNS   : -1.421

Type  : Fast 1100mV 0C Model Recovery 'KEY[2]'
Slack : -1.408
TNS   : -1.408

Type  : Fast 1100mV 0C Model Removal 'KEY[1]'
Slack : 0.267
TNS   : 0.000

Type  : Fast 1100mV 0C Model Removal 'KEY[2]'
Slack : 0.354
TNS   : 0.000

Type  : Fast 1100mV 0C Model Removal 'divisorGenerico:baseTempo|tick'
Slack : 1.686
TNS   : 0.000

Type  : Fast 1100mV 0C Model Minimum Pulse Width 'CLOCK_50'
Slack : -0.704
TNS   : -347.107

Type  : Fast 1100mV 0C Model Minimum Pulse Width 'KEY[2]'
Slack : -0.514
TNS   : -1.507

Type  : Fast 1100mV 0C Model Minimum Pulse Width 'KEY[1]'
Slack : -0.479
TNS   : -1.493

Type  : Fast 1100mV 0C Model Minimum Pulse Width 'divisorGenerico:baseTempo|tick'
Slack : 0.002
TNS   : 0.000

------------------------------------------------------------
