------------------------------------------------------------
Timing Analyzer Summary
------------------------------------------------------------

Type  : Slow 1100mV 85C Model Setup 'CPU:CPU|registradorGenerico_PC:PC|DOUT[0]'
Slack : -13.013
TNS   : -439.987

Type  : Slow 1100mV 85C Model Setup 'CLOCK_50'
Slack : -9.880
TNS   : -4357.357

Type  : Slow 1100mV 85C Model Hold 'CLOCK_50'
Slack : -1.265
TNS   : -20.898

Type  : Slow 1100mV 85C Model Hold 'CPU:CPU|registradorGenerico_PC:PC|DOUT[0]'
Slack : 1.279
TNS   : 0.000

Type  : Slow 1100mV 85C Model Recovery 'KEY[0]'
Slack : -8.732
TNS   : -8.732

Type  : Slow 1100mV 85C Model Recovery 'KEY[1]'
Slack : -8.555
TNS   : -8.555

Type  : Slow 1100mV 85C Model Removal 'KEY[1]'
Slack : 1.667
TNS   : 0.000

Type  : Slow 1100mV 85C Model Removal 'KEY[0]'
Slack : 2.064
TNS   : 0.000

Type  : Slow 1100mV 85C Model Minimum Pulse Width 'CPU:CPU|registradorGenerico_PC:PC|DOUT[0]'
Slack : -1.000
TNS   : -154.725

Type  : Slow 1100mV 85C Model Minimum Pulse Width 'CLOCK_50'
Slack : -0.538
TNS   : -530.725

Type  : Slow 1100mV 85C Model Minimum Pulse Width 'KEY[1]'
Slack : -0.538
TNS   : -0.852

Type  : Slow 1100mV 85C Model Minimum Pulse Width 'KEY[0]'
Slack : -0.538
TNS   : -0.806

Type  : Slow 1100mV 0C Model Setup 'CPU:CPU|registradorGenerico_PC:PC|DOUT[0]'
Slack : -13.183
TNS   : -445.414

Type  : Slow 1100mV 0C Model Setup 'CLOCK_50'
Slack : -10.173
TNS   : -4214.220

Type  : Slow 1100mV 0C Model Hold 'CLOCK_50'
Slack : -1.396
TNS   : -23.782

Type  : Slow 1100mV 0C Model Hold 'CPU:CPU|registradorGenerico_PC:PC|DOUT[0]'
Slack : 0.973
TNS   : 0.000

Type  : Slow 1100mV 0C Model Recovery 'KEY[0]'
Slack : -8.890
TNS   : -8.890

Type  : Slow 1100mV 0C Model Recovery 'KEY[1]'
Slack : -8.666
TNS   : -8.666

Type  : Slow 1100mV 0C Model Removal 'KEY[1]'
Slack : 1.513
TNS   : 0.000

Type  : Slow 1100mV 0C Model Removal 'KEY[0]'
Slack : 1.933
TNS   : 0.000

Type  : Slow 1100mV 0C Model Minimum Pulse Width 'CPU:CPU|registradorGenerico_PC:PC|DOUT[0]'
Slack : -1.180
TNS   : -170.404

Type  : Slow 1100mV 0C Model Minimum Pulse Width 'CLOCK_50'
Slack : -0.538
TNS   : -469.521

Type  : Slow 1100mV 0C Model Minimum Pulse Width 'KEY[1]'
Slack : -0.538
TNS   : -0.882

Type  : Slow 1100mV 0C Model Minimum Pulse Width 'KEY[0]'
Slack : -0.538
TNS   : -0.793

Type  : Fast 1100mV 85C Model Setup 'CPU:CPU|registradorGenerico_PC:PC|DOUT[0]'
Slack : -6.267
TNS   : -213.180

Type  : Fast 1100mV 85C Model Setup 'CLOCK_50'
Slack : -4.439
TNS   : -2069.841

Type  : Fast 1100mV 85C Model Hold 'CLOCK_50'
Slack : -0.681
TNS   : -12.637

Type  : Fast 1100mV 85C Model Hold 'CPU:CPU|registradorGenerico_PC:PC|DOUT[0]'
Slack : 0.670
TNS   : 0.000

Type  : Fast 1100mV 85C Model Recovery 'KEY[0]'
Slack : -4.473
TNS   : -4.473

Type  : Fast 1100mV 85C Model Recovery 'KEY[1]'
Slack : -4.302
TNS   : -4.302

Type  : Fast 1100mV 85C Model Removal 'KEY[1]'
Slack : 0.292
TNS   : 0.000

Type  : Fast 1100mV 85C Model Removal 'KEY[0]'
Slack : 0.614
TNS   : 0.000

Type  : Fast 1100mV 85C Model Minimum Pulse Width 'KEY[1]'
Slack : -0.471
TNS   : -1.413

Type  : Fast 1100mV 85C Model Minimum Pulse Width 'CLOCK_50'
Slack : -0.409
TNS   : -272.623

Type  : Fast 1100mV 85C Model Minimum Pulse Width 'KEY[0]'
Slack : -0.373
TNS   : -1.034

Type  : Fast 1100mV 85C Model Minimum Pulse Width 'CPU:CPU|registradorGenerico_PC:PC|DOUT[0]'
Slack : -0.205
TNS   : -17.149

Type  : Fast 1100mV 0C Model Setup 'CPU:CPU|registradorGenerico_PC:PC|DOUT[0]'
Slack : -5.751
TNS   : -196.089

Type  : Fast 1100mV 0C Model Setup 'CLOCK_50'
Slack : -3.981
TNS   : -1785.158

Type  : Fast 1100mV 0C Model Hold 'CLOCK_50'
Slack : -0.718
TNS   : -14.017

Type  : Fast 1100mV 0C Model Hold 'CPU:CPU|registradorGenerico_PC:PC|DOUT[0]'
Slack : 0.617
TNS   : 0.000

Type  : Fast 1100mV 0C Model Recovery 'KEY[0]'
Slack : -3.867
TNS   : -3.867

Type  : Fast 1100mV 0C Model Recovery 'KEY[1]'
Slack : -3.698
TNS   : -3.698

Type  : Fast 1100mV 0C Model Removal 'KEY[1]'
Slack : 0.034
TNS   : 0.000

Type  : Fast 1100mV 0C Model Removal 'KEY[0]'
Slack : 0.329
TNS   : 0.000

Type  : Fast 1100mV 0C Model Minimum Pulse Width 'KEY[1]'
Slack : -0.533
TNS   : -1.635

Type  : Fast 1100mV 0C Model Minimum Pulse Width 'CLOCK_50'
Slack : -0.446
TNS   : -324.737

Type  : Fast 1100mV 0C Model Minimum Pulse Width 'KEY[0]'
Slack : -0.432
TNS   : -1.287

Type  : Fast 1100mV 0C Model Minimum Pulse Width 'CPU:CPU|registradorGenerico_PC:PC|DOUT[0]'
Slack : -0.143
TNS   : -8.594

------------------------------------------------------------
